The next train to Paris from London departs at 15:30:10
