The next train to Melbourne from Sydney departs at 13:59:40
