The next train to Tokyo from Sydney departs at 14:20:00
