The next train to Sydney from Beijing departs at 19:50:30
