The next train to Melbourne from Sydney departs at 19:59:15
