The next train to Koolewong from Coffs Harbour departs at 20:01:40
