The next train to Beijing from Sydney departs at 13:20:00
